FFFFFFFFFFFFFFFF.FFFF.....................*F.FFF***

Pending:
  Order add some examples to (or delete) /home/sparlock/rails_proj/mugs_app/spec/models/order_spec.rb
    # No reason given
    # ./spec/models/order_spec.rb:4
  OrdersHelper add some examples to (or delete) /home/sparlock/rails_proj/mugs_app/spec/helpers/orders_helper_spec.rb
    # No reason given
    # ./spec/helpers/orders_helper_spec.rb:14
  BookingsHelper add some examples to (or delete) /home/sparlock/rails_proj/mugs_app/spec/helpers/bookings_helper_spec.rb
    # No reason given
    # ./spec/helpers/bookings_helper_spec.rb:14
  JailsHelper add some examples to (or delete) /home/sparlock/rails_proj/mugs_app/spec/helpers/jails_helper_spec.rb
    # No reason given
    # ./spec/helpers/jails_helper_spec.rb:14

Failures:

  1) OrdersController GET index assigns all orders as @orders
     Failure/Error: order = Order.create! valid_attributes
     ActiveRecord::StatementInvalid:
       Could not find table 'orders'
     # ./spec/controllers/orders_controller_spec.rb:39:in `block (3 levels) in <top (required)>'

  2) OrdersController GET show assigns the requested order as @order
     Failure/Error: order = Order.create! valid_attributes
     ActiveRecord::StatementInvalid:
       Could not find table 'orders'
     # ./spec/controllers/orders_controller_spec.rb:47:in `block (3 levels) in <top (required)>'

  3) OrdersController GET new assigns a new order as @order
     Failure/Error: get :new, {}, valid_session
     ActiveRecord::StatementInvalid:
       Could not find table 'orders'
     # ./app/controllers/orders_controller.rb:27:in `new'
     # ./app/controllers/orders_controller.rb:27:in `new'
     # ./spec/controllers/orders_controller_spec.rb:55:in `block (3 levels) in <top (required)>'

  4) OrdersController GET edit assigns the requested order as @order
     Failure/Error: order = Order.create! valid_attributes
     ActiveRecord::StatementInvalid:
       Could not find table 'orders'
     # ./spec/controllers/orders_controller_spec.rb:62:in `block (3 levels) in <top (required)>'

  5) OrdersController POST create with valid params creates a new Order
     Failure/Error: expect {
     ActiveRecord::StatementInvalid:
       Could not find table 'orders'
     # ./spec/controllers/orders_controller_spec.rb:71:in `block (4 levels) in <top (required)>'

  6) OrdersController POST create with valid params assigns a newly created order as @order
     Failure/Error: post :create, {:order => valid_attributes}, valid_session
     ActiveRecord::StatementInvalid:
       Could not find table 'orders'
     # ./app/controllers/orders_controller.rb:48:in `new'
     # ./app/controllers/orders_controller.rb:48:in `create'
     # ./spec/controllers/orders_controller_spec.rb:77:in `block (4 levels) in <top (required)>'

  7) OrdersController POST create with valid params redirects to the created order
     Failure/Error: post :create, {:order => valid_attributes}, valid_session
     ActiveRecord::StatementInvalid:
       Could not find table 'orders'
     # ./app/controllers/orders_controller.rb:48:in `new'
     # ./app/controllers/orders_controller.rb:48:in `create'
     # ./spec/controllers/orders_controller_spec.rb:83:in `block (4 levels) in <top (required)>'

  8) OrdersController POST create with invalid params assigns a newly created but unsaved order as @order
     Failure/Error: post :create, {:order => {}}, valid_session
     ActiveRecord::StatementInvalid:
       Could not find table 'orders'
     # ./app/controllers/orders_controller.rb:48:in `new'
     # ./app/controllers/orders_controller.rb:48:in `create'
     # ./spec/controllers/orders_controller_spec.rb:92:in `block (4 levels) in <top (required)>'

  9) OrdersController POST create with invalid params re-renders the 'new' template
     Failure/Error: post :create, {:order => {}}, valid_session
     ActiveRecord::StatementInvalid:
       Could not find table 'orders'
     # ./app/controllers/orders_controller.rb:48:in `new'
     # ./app/controllers/orders_controller.rb:48:in `create'
     # ./spec/controllers/orders_controller_spec.rb:99:in `block (4 levels) in <top (required)>'

  10) OrdersController PUT update with valid params updates the requested order
     Failure/Error: order = Order.create! valid_attributes
     ActiveRecord::StatementInvalid:
       Could not find table 'orders'
     # ./spec/controllers/orders_controller_spec.rb:108:in `block (4 levels) in <top (required)>'

  11) OrdersController PUT update with valid params assigns the requested order as @order
     Failure/Error: order = Order.create! valid_attributes
     ActiveRecord::StatementInvalid:
       Could not find table 'orders'
     # ./spec/controllers/orders_controller_spec.rb:118:in `block (4 levels) in <top (required)>'

  12) OrdersController PUT update with valid params redirects to the order
     Failure/Error: order = Order.create! valid_attributes
     ActiveRecord::StatementInvalid:
       Could not find table 'orders'
     # ./spec/controllers/orders_controller_spec.rb:124:in `block (4 levels) in <top (required)>'

  13) OrdersController PUT update with invalid params assigns the order as @order
     Failure/Error: order = Order.create! valid_attributes
     ActiveRecord::StatementInvalid:
       Could not find table 'orders'
     # ./spec/controllers/orders_controller_spec.rb:132:in `block (4 levels) in <top (required)>'

  14) OrdersController PUT update with invalid params re-renders the 'edit' template
     Failure/Error: order = Order.create! valid_attributes
     ActiveRecord::StatementInvalid:
       Could not find table 'orders'
     # ./spec/controllers/orders_controller_spec.rb:140:in `block (4 levels) in <top (required)>'

  15) OrdersController DELETE destroy destroys the requested order
     Failure/Error: order = Order.create! valid_attributes
     ActiveRecord::StatementInvalid:
       Could not find table 'orders'
     # ./spec/controllers/orders_controller_spec.rb:151:in `block (3 levels) in <top (required)>'

  16) OrdersController DELETE destroy redirects to the orders list
     Failure/Error: order = Order.create! valid_attributes
     ActiveRecord::StatementInvalid:
       Could not find table 'orders'
     # ./spec/controllers/orders_controller_spec.rb:158:in `block (3 levels) in <top (required)>'

  17) orders/new renders new order form
     Failure/Error: assign(:order, stub_model(Order,
     ActiveRecord::StatementInvalid:
       Could not find table 'orders'
     # ./spec/views/orders/new.html.erb_spec.rb:5:in `block (2 levels) in <top (required)>'

  18) orders/index renders a list of orders
     Failure/Error: stub_model(Order,
     ActiveRecord::StatementInvalid:
       Could not find table 'orders'
     # ./spec/views/orders/index.html.erb_spec.rb:6:in `block (2 levels) in <top (required)>'

  19) orders/edit renders the edit order form
     Failure/Error: @order = assign(:order, stub_model(Order,
     ActiveRecord::StatementInvalid:
       Could not find table 'orders'
     # ./spec/views/orders/edit.html.erb_spec.rb:5:in `block (2 levels) in <top (required)>'

  20) orders/show renders attributes in <p>
     Failure/Error: @order = assign(:order, stub_model(Order,
     ActiveRecord::StatementInvalid:
       Could not find table 'orders'
     # ./spec/views/orders/show.html.erb_spec.rb:5:in `block (2 levels) in <top (required)>'

  21) Orders GET /orders works! (now write some real specs)
     Failure/Error: get orders_path
     ActiveRecord::StatementInvalid:
       Could not find table 'orders'
     # ./app/controllers/orders_controller.rb:5:in `index'
     # ./spec/requests/orders_spec.rb:7:in `block (3 levels) in <top (required)>'

  22) ViewMugsNavigations viewing the home page should click on jail name and take to jail page with bookings
     Failure/Error: click_link jail.full_name
     ActiveRecord::StatementInvalid:
       SQLite3::SQLException: no such column: is_purchased: SELECT "bookings".* FROM "bookings"  WHERE "bookings"."jail_id" = 1 AND (is_purchased = 'f')
     # ./app/controllers/jails_controller.rb:9:in `show'
     # (eval):2:in `click_link'
     # ./spec/requests/view_mugs_navigations_spec.rb:37:in `block (3 levels) in <top (required)>'

  23) ViewMugsNavigations viewing the home page should click on mugshot and take to individual mugshot page
     Failure/Error: visit jail_path(jail)
     ActiveRecord::StatementInvalid:
       SQLite3::SQLException: no such column: is_purchased: SELECT "bookings".* FROM "bookings"  WHERE "bookings"."jail_id" = 1 AND (is_purchased = 'f')
     # ./app/controllers/jails_controller.rb:9:in `show'
     # ./spec/requests/view_mugs_navigations_spec.rb:53:in `block (3 levels) in <top (required)>'

  24) ViewMugsNavigations viewing the home page should let you order a mug removal
     Failure/Error: visit new_order_path
     ActiveRecord::StatementInvalid:
       Could not find table 'orders'
     # ./app/controllers/orders_controller.rb:27:in `new'
     # ./app/controllers/orders_controller.rb:27:in `new'
     # ./spec/requests/view_mugs_navigations_spec.rb:70:in `block (3 levels) in <top (required)>'

Finished in 17.52 seconds
51 examples, 24 failures, 4 pending

Failed examples:

rspec ./spec/controllers/orders_controller_spec.rb:38 # OrdersController GET index assigns all orders as @orders
rspec ./spec/controllers/orders_controller_spec.rb:46 # OrdersController GET show assigns the requested order as @order
rspec ./spec/controllers/orders_controller_spec.rb:54 # OrdersController GET new assigns a new order as @order
rspec ./spec/controllers/orders_controller_spec.rb:61 # OrdersController GET edit assigns the requested order as @order
rspec ./spec/controllers/orders_controller_spec.rb:70 # OrdersController POST create with valid params creates a new Order
rspec ./spec/controllers/orders_controller_spec.rb:76 # OrdersController POST create with valid params assigns a newly created order as @order
rspec ./spec/controllers/orders_controller_spec.rb:82 # OrdersController POST create with valid params redirects to the created order
rspec ./spec/controllers/orders_controller_spec.rb:89 # OrdersController POST create with invalid params assigns a newly created but unsaved order as @order
rspec ./spec/controllers/orders_controller_spec.rb:96 # OrdersController POST create with invalid params re-renders the 'new' template
rspec ./spec/controllers/orders_controller_spec.rb:107 # OrdersController PUT update with valid params updates the requested order
rspec ./spec/controllers/orders_controller_spec.rb:117 # OrdersController PUT update with valid params assigns the requested order as @order
rspec ./spec/controllers/orders_controller_spec.rb:123 # OrdersController PUT update with valid params redirects to the order
rspec ./spec/controllers/orders_controller_spec.rb:131 # OrdersController PUT update with invalid params assigns the order as @order
rspec ./spec/controllers/orders_controller_spec.rb:139 # OrdersController PUT update with invalid params re-renders the 'edit' template
rspec ./spec/controllers/orders_controller_spec.rb:150 # OrdersController DELETE destroy destroys the requested order
rspec ./spec/controllers/orders_controller_spec.rb:157 # OrdersController DELETE destroy redirects to the orders list
rspec ./spec/views/orders/new.html.erb_spec.rb:14 # orders/new renders new order form
rspec ./spec/views/orders/index.html.erb_spec.rb:23 # orders/index renders a list of orders
rspec ./spec/views/orders/edit.html.erb_spec.rb:14 # orders/edit renders the edit order form
rspec ./spec/views/orders/show.html.erb_spec.rb:14 # orders/show renders attributes in <p>
rspec ./spec/requests/orders_spec.rb:5 # Orders GET /orders works! (now write some real specs)
rspec ./spec/requests/view_mugs_navigations_spec.rb:31 # ViewMugsNavigations viewing the home page should click on jail name and take to jail page with bookings
rspec ./spec/requests/view_mugs_navigations_spec.rb:50 # ViewMugsNavigations viewing the home page should click on mugshot and take to individual mugshot page
rspec ./spec/requests/view_mugs_navigations_spec.rb:69 # ViewMugsNavigations viewing the home page should let you order a mug removal
